// Jest Snapshot v1, https://goo.gl/fbAQLP

exports[`renders correctly 1`] = `
<nav
  className="nav"
>
  <h1
    className="nav__title"
  >
    Math Magicians
  </h1>
  <ul
    className="nav__links"
  >
    <li>
      <a
        className="nav__link"
        href="/home"
        onClick={[Function]}
      >
        Home
      </a>
    </li>
    <li>
      <a
        className="nav__link"
        href="/calculator"
        onClick={[Function]}
      >
        Calculator
      </a>
    </li>
    <li>
      <a
        className="nav__link"
        href="/quote"
        onClick={[Function]}
      >
        Quote
      </a>
    </li>
  </ul>
</nav>
`;
