// Jest Snapshot v1, https://goo.gl/fbAQLP

exports[`renders correctly 1`] = `
<section
  className="container quote-section"
>
  <h2>
    <q>
      Mathematics is not about numbers, equations, computations, or algorithms: it is about understanding.
    </q>
    <span>
      - William Paul Thurstion.
    </span>
  </h2>
</section>
`;
