// Jest Snapshot v1, https://goo.gl/fbAQLP

exports[`check calculator render correctly 1`] = `
<div
  className="container"
>
  <div
    className="m-3 row"
  >
    <div
      className="col"
    >
      <div
        className="w-100 p-2 result"
        dir="ltr"
      />
    </div>
  </div>
  <div
    className="m-3 row"
  >
    <div
      className="col"
    >
      <button
        className="w-100 p-4 btn btn-primary"
        disabled={false}
        onClick={[Function]}
        type="button"
      >
        AC
      </button>
    </div>
    <div
      className="col"
    >
      <button
        className="w-100 p-4 btn btn-primary"
        disabled={false}
        onClick={[Function]}
        type="button"
      >
        +/-
      </button>
    </div>
    <div
      className="col"
    >
      <button
        className="w-100 p-4 btn btn-primary"
        disabled={false}
        onClick={[Function]}
        type="button"
      >
        %
      </button>
    </div>
    <div
      className="col"
    >
      <button
        className="w-100 p-4 btn-warning btn btn-primary"
        disabled={false}
        onClick={[Function]}
        type="button"
      >
        รท
      </button>
    </div>
  </div>
  <div
    className="m-2 row"
  >
    <div
      className="col"
    >
      <button
        className="w-100 p-4 btn btn-primary"
        disabled={false}
        onClick={[Function]}
        type="button"
      >
        7
      </button>
    </div>
    <div
      className="col"
    >
      <button
        className="w-100 p-4 btn btn-primary"
        disabled={false}
        onClick={[Function]}
        type="button"
      >
        8
      </button>
    </div>
    <div
      className="col"
    >
      <button
        className="w-100 p-4 btn btn-primary"
        disabled={false}
        onClick={[Function]}
        type="button"
      >
        9
      </button>
    </div>
    <div
      className="col"
    >
      <button
        className="w-100 p-4 btn-warning btn btn-primary"
        disabled={false}
        onClick={[Function]}
        type="button"
      >
        x
      </button>
    </div>
  </div>
  <div
    className="m-2 row"
  >
    <div
      className="col"
    >
      <button
        className="w-100 p-4 btn btn-primary"
        disabled={false}
        onClick={[Function]}
        type="button"
      >
        4
      </button>
    </div>
    <div
      className="col"
    >
      <button
        className="w-100 p-4 btn btn-primary"
        disabled={false}
        onClick={[Function]}
        type="button"
      >
        5
      </button>
    </div>
    <div
      className="col"
    >
      <button
        className="w-100 p-4 btn btn-primary"
        disabled={false}
        onClick={[Function]}
        type="button"
      >
        6
      </button>
    </div>
    <div
      className="col"
    >
      <button
        className="w-100 p-4 btn-warning btn btn-primary"
        disabled={false}
        onClick={[Function]}
        type="button"
      >
        -
      </button>
    </div>
  </div>
  <div
    className="m-2 row"
  >
    <div
      className="col"
    >
      <button
        className="w-100 p-4 btn btn-primary"
        disabled={false}
        onClick={[Function]}
        type="button"
      >
        1
      </button>
    </div>
    <div
      className="col"
    >
      <button
        className="w-100 p-4 btn btn-primary"
        disabled={false}
        onClick={[Function]}
        type="button"
      >
        2
      </button>
    </div>
    <div
      className="col"
    >
      <button
        className="w-100 p-4 btn btn-primary"
        disabled={false}
        onClick={[Function]}
        type="button"
      >
        3
      </button>
    </div>
    <div
      className="col"
    >
      <button
        className="w-100 p-4 btn-warning btn btn-primary"
        disabled={false}
        onClick={[Function]}
        type="button"
      >
        +
      </button>
    </div>
  </div>
  <div
    className="m-2 row"
  >
    <div
      className="col-6"
    >
      <button
        className="w-100 p-4 btn btn-primary"
        disabled={false}
        onClick={[Function]}
        type="button"
      >
        0
      </button>
    </div>
    <div
      className="col"
    >
      <button
        className="w-100 p-4 btn btn-primary"
        disabled={false}
        onClick={[Function]}
        type="button"
      >
        .
      </button>
    </div>
    <div
      className="col"
    >
      <button
        className="w-100 p-4 btn-warning btn btn-primary"
        disabled={false}
        onClick={[Function]}
        type="button"
      >
        =
      </button>
    </div>
  </div>
</div>
`;
